// Jest Snapshot v1, https://goo.gl/fbAQLP

exports[`Renders Default InterestsFinder 1`] = `
<View
  style={
    Object {
      "alignItems": "center",
      "flexDirection": "column",
      "justifyContent": "center",
      "marginHorizontal": 20,
      "marginVertical": 15,
    }
  }
>
  <View
    style={
      Object {
        "alignItems": "center",
        "backgroundColor": "white",
        "borderColor": "white",
        "borderRadius": 15,
        "borderWidth": 1,
        "flexDirection": "row",
        "justifyContent": "center",
        "paddingHorizontal": 15,
        "paddingVertical": 10,
        "shadowColor": "black",
        "shadowOffset": Object {
          "height": 8,
        },
        "shadowOpacity": 0.15,
        "shadowRadius": 9,
      }
    }
  >
    <TextInput
      allowFontScaling={true}
      multiline={false}
      onChangeText={[Function]}
      placeholder="The Office"
      placeholderColor="rgba(255,255,255,0.5)"
      style={
        Object {
          "color": "#FA709A",
          "flex": 1,
          "fontFamily": "orkney-medium",
          "fontSize": 30,
          "paddingTop": 5,
        }
      }
      value=""
    />
    <Text
      accessible={true}
      allowFontScaling={true}
      ellipsizeMode="tail"
    />
  </View>
  <View
    style={
      Object {
        "flex": 1,
      }
    }
  >
    <View
      style={
        Object {
          "flexDirection": "row",
          "flexWrap": "wrap",
          "justifyContent": "center",
          "paddingTop": 15,
        }
      }
    />
  </View>
</View>
`;
