// Jest Snapshot v1, https://goo.gl/fbAQLP

exports[`Renders Default LoginButton 1`] = `
<View
  accessibilityComponentType={undefined}
  accessibilityLabel={undefined}
  accessibilityTraits={undefined}
  accessible={true}
  collapsable={undefined}
  hasTVPreferredFocus={undefined}
  hitSlop={undefined}
  isTVSelectable={true}
  nativeID={undefined}
  onLayout={undefined}
  onResponderGrant={[Function]}
  onResponderMove={[Function]}
  onResponderRelease={[Function]}
  onResponderTerminate={[Function]}
  onResponderTerminationRequest={[Function]}
  onStartShouldSetResponder={[Function]}
  style={
    Object {
      "opacity": 1,
    }
  }
  testID={undefined}
  tvParallaxProperties={undefined}
>
  <ExponentLinearGradient
    colors={
      Array [
        4280401838,
        4286632135,
      ]
    }
    endPoint={
      Array [
        0.7,
        0.5,
      ]
    }
    locations={null}
    startPoint={
      Array [
        0,
        0.25,
      ]
    }
    style={
      Object {
        "alignItems": "center",
        "backgroundColor": "#fff",
        "borderRadius": 30,
        "flexDirection": "row",
        "justifyContent": "center",
        "padding": 15,
        "shadowColor": "black",
        "shadowOffset": Object {
          "height": 8,
        },
        "shadowOpacity": 0.15,
        "shadowRadius": 9,
      }
    }
  >
    <Text
      accessible={true}
      allowFontScaling={true}
      ellipsizeMode="tail"
    />
    <Text
      accessible={true}
      allowFontScaling={true}
      ellipsizeMode="tail"
      style={
        Object {
          "color": "white",
          "fontFamily": "orkney-medium",
          "fontSize": 20,
          "paddingTop": 6,
        }
      }
    >
      Continue with Facebook
    </Text>
  </ExponentLinearGradient>
</View>
`;
